../rtl/00.ddr_module/c_ddr_intf.sv
../rtl/00.ddr_module/c_ddr_model.sv
../rtl/01.ddr_ctrl/ddr_ctrl.v
../rtl/02.ddr_init_ins/ddr_init_ins_gen.v
../rtl/03.ddr_rd_ins/ddr_rd_addr_gen/rd_conv_b_addr_gen.v
../rtl/03.ddr_rd_ins/ddr_rd_addr_gen/rd_conv_f_addr_gen.v
../rtl/03.ddr_rd_ins/ddr_rd_addr_gen/rd_conv_w_addr_gen.v
../rtl/03.ddr_rd_ins/ddr_rd_addr_gen/rd_dw_b_addr_gen.v
../rtl/03.ddr_rd_ins/ddr_rd_addr_gen/rd_dw_f_addr_gen.v
../rtl/03.ddr_rd_ins/ddr_rd_addr_gen/rd_dw_w_addr_gen.v
../rtl/03.ddr_rd_ins/ddr_rd_addr_gen/rd_pw_b_addr_gen.v
../rtl/03.ddr_rd_ins/ddr_rd_addr_gen/rd_pw_f_addr_gen.v
../rtl/03.ddr_rd_ins/ddr_rd_addr_gen/rd_pw_w_addr_gen.v
../rtl/03.ddr_rd_ins/ddr_rd_addr_gen/rd_avgle_addr_gen.v
../rtl/03.ddr_rd_ins/ddr_rd_ins_gen.v
../rtl/04.data_in_reorder/data_gen.v
../rtl/04.data_in_reorder/data_in_reorder.v
../rtl/04.data_in_reorder/ddr_rd_data_pro.v
../rtl/05.weight_ctrl/w_chg_ctrl.v
../rtl/05.weight_ctrl/w_gen.v
../rtl/05.weight_ctrl/w_rd_ctrl.v
../rtl/06.bias_ctrl/bias_gen.v
../rtl/06.bias_ctrl/bias_ctrl.v
../rtl/08.calc_unit/calc_unit_x16.v
../rtl/08.calc_unit/calc_unit_single.v
../rtl/09.bias_add/bias_add.v
../rtl/10.data_out_reorder/acc_data_reorder_top.v
../rtl/10.data_out_reorder/addr_map.v
../rtl/10.data_out_reorder/ddr_wr_addr_gen/dw2pw_reorder_addr_gen.v
../rtl/10.data_out_reorder/ddr_wr_addr_gen/pw2dw_reorder_addr_gen.v
../rtl/10.data_out_reorder/ddr_wr_addr_gen/pw2pw_reorder_addr_gen.v
../rtl/10.data_out_reorder/ddr_wr_addr_gen/avg2pw_reorder_addr_gen.v
../rtl/11.acc_veri/acc_data_veri_tx.v
../rtl/11.acc_veri/ddr_veri_ins_gen.v
../rtl/12.top/mobilenet_acc_top.v
../rtl/12.top/mobilenet_test_top_forsim.v
../rtl/12.top/mobilenet_acc_tb.sv
../rtl/14.ddr_interface/ddr_ctrl_ins_sync.v
../rtl/14.ddr_interface/ddr_rd_data_sync.v


